// Jest Snapshot v1, https://goo.gl/fbAQLP

exports[`Button 1`] = `
<button
  className="Button-uinp5t-0 hpjRxf"
>
  Add to basket
</button>
`;
